<!DOCTYPE html>
<html>

<head>
  <meta charset="UTF-8">
  <title>title</title>
  <script src='https://cdnjs.cloudflare.com/ajax/libs/jquery/2.0.0/jquery.min.js' defer></script>
<script src='https://cdnjs.cloudflare.com/ajax/libs/jquery/3.3.1/jquery.min.js' defer></script>
  <link href='https://maxcdn.bootstrapcdn.com/bootstrap/4.0.0/css/bootstrap.min.css'>
</head>

<body>

</body>

</html>